[2026-09-10 12:02:08,382] DEBUG django.db.backends (0.000) 
            SELECT name, type FROM sqlite_master
            WHERE type in ('table', 'view') AND NOT name='sqlite_sequence'
            ORDER BY name; args=None; alias=default
[2026-09-10 12:02:08,382] DEBUG django.db.backends (0.000) SELECT "django_migrations"."id", "django_migrations"."app", "django_migrations"."name", "django_migrations"."applied" FROM "django_migrations"; args=(); alias=default
[2026-09-10 12:05:44,900] DEBUG django.db.backends (0.000) 
            SELECT name, type FROM sqlite_master
            WHERE type in ('table', 'view') AND NOT name='sqlite_sequence'
            ORDER BY name; args=None; alias=default
[2026-09-10 12:05:44,903] DEBUG django.db.backends (0.000) SELECT "django_migrations"."id", "django_migrations"."app", "django_migrations"."name", "django_migrations"."applied" FROM "django_migrations"; args=(); alias=default
[2026-09-10 12:06:46,798] DEBUG django.db.backends (0.000) 
            SELECT name, type FROM sqlite_master
            WHERE type in ('table', 'view') AND NOT name='sqlite_sequence'
            ORDER BY name; args=None; alias=default
[2026-09-10 12:06:46,814] DEBUG django.db.backends (0.015) SELECT "django_migrations"."id", "django_migrations"."app", "django_migrations"."name", "django_migrations"."applied" FROM "django_migrations"; args=(); alias=default
[2026-09-10 12:06:56,193] DEBUG django.db.backends (0.000) 
            SELECT name, type FROM sqlite_master
            WHERE type in ('table', 'view') AND NOT name='sqlite_sequence'
            ORDER BY name; args=None; alias=default
[2026-09-10 12:06:56,193] DEBUG django.db.backends (0.000) SELECT "django_migrations"."id", "django_migrations"."app", "django_migrations"."name", "django_migrations"."applied" FROM "django_migrations"; args=(); alias=default
[2026-09-10 12:06:56,193] DEBUG django.db.backends (0.000) 
            SELECT name, type FROM sqlite_master
            WHERE type in ('table', 'view') AND NOT name='sqlite_sequence'
            ORDER BY name; args=None; alias=default
[2026-09-10 12:06:56,193] DEBUG django.db.backends (0.000) SELECT "django_migrations"."id", "django_migrations"."app", "django_migrations"."name", "django_migrations"."applied" FROM "django_migrations"; args=(); alias=default
[2026-09-10 12:06:56,209] DEBUG django.db.backends (0.000) 
            SELECT name, type FROM sqlite_master
            WHERE type in ('table', 'view') AND NOT name='sqlite_sequence'
            ORDER BY name; args=None; alias=default
[2026-09-10 12:06:56,209] DEBUG django.db.backends (0.000) PRAGMA foreign_keys = OFF; args=None; alias=default
[2026-09-10 12:06:56,209] DEBUG django.db.backends (0.000) PRAGMA foreign_keys; args=None; alias=default
[2026-09-10 12:06:56,209] DEBUG django.db.backends (0.000) BEGIN; args=None; alias=default
[2026-09-10 12:06:56,382] DEBUG django.db.backends (0.000) INSERT INTO "django_migrations" ("app", "name", "applied") VALUES ('listings', '0008_alter_apartment_address_city_and_more', '2026-09-10 10:06:56.382582') RETURNING "django_migrations"."id"; args=('listings', '0008_alter_apartment_address_city_and_more', '2026-09-10 10:06:56.382582'); alias=default
[2026-09-10 12:06:56,382] DEBUG django.db.backends (0.000) PRAGMA foreign_key_check; args=None; alias=default
[2026-09-10 12:06:56,398] DEBUG django.db.backends (0.015) COMMIT; args=None; alias=default
[2026-09-10 12:06:56,398] DEBUG django.db.backends (0.000) PRAGMA foreign_keys = ON; args=None; alias=default
[2026-09-10 12:06:56,398] DEBUG django.db.backends (0.000) SELECT "django_migrations"."id", "django_migrations"."app", "django_migrations"."name", "django_migrations"."applied" FROM "django_migrations"; args=(); alias=default
[2026-09-10 12:06:56,398] DEBUG django.db.backends (0.000) SELECT "django_content_type"."model" AS "model" FROM "django_content_type" WHERE "django_content_type"."app_label" = 'admin'; args=('admin',); alias=default
[2026-09-10 12:06:56,414] DEBUG django.db.backends (0.000) SELECT "django_content_type"."id", "django_content_type"."app_label", "django_content_type"."model" FROM "django_content_type" WHERE ("django_content_type"."app_label" = 'admin' AND "django_content_type"."model" IN ('logentry')); args=('admin', 'logentry'); alias=default
[2026-09-10 12:06:56,414] DEBUG django.db.backends (0.000) SELECT "auth_permission"."content_type_id" AS "content_type", "auth_permission"."codename" AS "codename" FROM "auth_permission" INNER JOIN "django_content_type" ON ("auth_permission"."content_type_id" = "django_content_type"."id") WHERE "auth_permission"."content_type_id" IN (1) ORDER BY "django_content_type"."app_label" ASC, "django_content_type"."model" ASC, 2 ASC; args=(1,); alias=default
[2026-09-10 12:06:56,414] DEBUG django.db.backends (0.000) SELECT "django_content_type"."model" AS "model" FROM "django_content_type" WHERE "django_content_type"."app_label" = 'admin'; args=('admin',); alias=default
[2026-09-10 12:06:56,414] DEBUG django.db.backends (0.000) SELECT "django_content_type"."model" AS "model" FROM "django_content_type" WHERE "django_content_type"."app_label" = 'auth'; args=('auth',); alias=default
[2026-09-10 12:06:56,414] DEBUG django.db.backends (0.000) SELECT "django_content_type"."id", "django_content_type"."app_label", "django_content_type"."model" FROM "django_content_type" WHERE ("django_content_type"."app_label" = 'auth' AND "django_content_type"."model" IN ('group', 'permission')); args=('auth', 'group', 'permission'); alias=default
[2026-09-10 12:06:56,414] DEBUG django.db.backends (0.000) SELECT "auth_permission"."content_type_id" AS "content_type", "auth_permission"."codename" AS "codename" FROM "auth_permission" INNER JOIN "django_content_type" ON ("auth_permission"."content_type_id" = "django_content_type"."id") WHERE "auth_permission"."content_type_id" IN (2, 3) ORDER BY "django_content_type"."app_label" ASC, "django_content_type"."model" ASC, 2 ASC; args=(2, 3); alias=default
[2026-09-10 12:06:56,414] DEBUG django.db.backends (0.000) SELECT "django_content_type"."model" AS "model" FROM "django_content_type" WHERE "django_content_type"."app_label" = 'auth'; args=('auth',); alias=default
[2026-09-10 12:06:56,414] DEBUG django.db.backends (0.000) SELECT "django_content_type"."model" AS "model" FROM "django_content_type" WHERE "django_content_type"."app_label" = 'contenttypes'; args=('contenttypes',); alias=default
[2026-09-10 12:06:56,414] DEBUG django.db.backends (0.000) SELECT "django_content_type"."id", "django_content_type"."app_label", "django_content_type"."model" FROM "django_content_type" WHERE ("django_content_type"."app_label" = 'contenttypes' AND "django_content_type"."model" IN ('contenttype')); args=('contenttypes', 'contenttype'); alias=default
[2026-09-10 12:06:56,414] DEBUG django.db.backends (0.000) SELECT "auth_permission"."content_type_id" AS "content_type", "auth_permission"."codename" AS "codename" FROM "auth_permission" INNER JOIN "django_content_type" ON ("auth_permission"."content_type_id" = "django_content_type"."id") WHERE "auth_permission"."content_type_id" IN (4) ORDER BY "django_content_type"."app_label" ASC, "django_content_type"."model" ASC, 2 ASC; args=(4,); alias=default
[2026-09-10 12:06:56,414] DEBUG django.db.backends (0.000) SELECT "django_content_type"."model" AS "model" FROM "django_content_type" WHERE "django_content_type"."app_label" = 'contenttypes'; args=('contenttypes',); alias=default
[2026-09-10 12:06:56,414] DEBUG django.db.backends (0.000) SELECT "django_content_type"."model" AS "model" FROM "django_content_type" WHERE "django_content_type"."app_label" = 'sessions'; args=('sessions',); alias=default
[2026-09-10 12:06:56,414] DEBUG django.db.backends (0.000) SELECT "django_content_type"."id", "django_content_type"."app_label", "django_content_type"."model" FROM "django_content_type" WHERE ("django_content_type"."app_label" = 'sessions' AND "django_content_type"."model" IN ('session')); args=('sessions', 'session'); alias=default
[2026-09-10 12:06:56,414] DEBUG django.db.backends (0.000) SELECT "auth_permission"."content_type_id" AS "content_type", "auth_permission"."codename" AS "codename" FROM "auth_permission" INNER JOIN "django_content_type" ON ("auth_permission"."content_type_id" = "django_content_type"."id") WHERE "auth_permission"."content_type_id" IN (5) ORDER BY "django_content_type"."app_label" ASC, "django_content_type"."model" ASC, 2 ASC; args=(5,); alias=default
[2026-09-10 12:06:56,414] DEBUG django.db.backends (0.000) SELECT "django_content_type"."model" AS "model" FROM "django_content_type" WHERE "django_content_type"."app_label" = 'sessions'; args=('sessions',); alias=default
[2026-09-10 12:06:56,414] DEBUG django.db.backends (0.000) SELECT "django_content_type"."model" AS "model" FROM "django_content_type" WHERE "django_content_type"."app_label" = 'token_blacklist'; args=('token_blacklist',); alias=default
[2026-09-10 12:06:56,414] DEBUG django.db.backends (0.000) SELECT "django_content_type"."id", "django_content_type"."app_label", "django_content_type"."model" FROM "django_content_type" WHERE ("django_content_type"."app_label" = 'token_blacklist' AND "django_content_type"."model" IN ('outstandingtoken', 'blacklistedtoken')); args=('token_blacklist', 'outstandingtoken', 'blacklistedtoken'); alias=default
[2026-09-10 12:06:56,414] DEBUG django.db.backends (0.000) SELECT "auth_permission"."content_type_id" AS "content_type", "auth_permission"."codename" AS "codename" FROM "auth_permission" INNER JOIN "django_content_type" ON ("auth_permission"."content_type_id" = "django_content_type"."id") WHERE "auth_permission"."content_type_id" IN (6, 7) ORDER BY "django_content_type"."app_label" ASC, "django_content_type"."model" ASC, 2 ASC; args=(6, 7); alias=default
[2026-09-10 12:06:56,414] DEBUG django.db.backends (0.000) SELECT "django_content_type"."model" AS "model" FROM "django_content_type" WHERE "django_content_type"."app_label" = 'token_blacklist'; args=('token_blacklist',); alias=default
[2026-09-10 12:06:56,414] DEBUG django.db.backends (0.000) SELECT "django_content_type"."model" AS "model" FROM "django_content_type" WHERE "django_content_type"."app_label" = 'users'; args=('users',); alias=default
[2026-09-10 12:06:56,414] DEBUG django.db.backends (0.000) SELECT "django_content_type"."id", "django_content_type"."app_label", "django_content_type"."model" FROM "django_content_type" WHERE ("django_content_type"."app_label" = 'users' AND "django_content_type"."model" IN ('user')); args=('users', 'user'); alias=default
[2026-09-10 12:06:56,414] DEBUG django.db.backends (0.000) SELECT "auth_permission"."content_type_id" AS "content_type", "auth_permission"."codename" AS "codename" FROM "auth_permission" INNER JOIN "django_content_type" ON ("auth_permission"."content_type_id" = "django_content_type"."id") WHERE "auth_permission"."content_type_id" IN (8) ORDER BY "django_content_type"."app_label" ASC, "django_content_type"."model" ASC, 2 ASC; args=(8,); alias=default
[2026-09-10 12:06:56,414] DEBUG django.db.backends (0.000) SELECT "django_content_type"."model" AS "model" FROM "django_content_type" WHERE "django_content_type"."app_label" = 'users'; args=('users',); alias=default
[2026-09-10 12:06:56,414] DEBUG django.db.backends (0.000) SELECT "django_content_type"."model" AS "model" FROM "django_content_type" WHERE "django_content_type"."app_label" = 'listings'; args=('listings',); alias=default
[2026-09-10 12:06:56,414] DEBUG django.db.backends (0.000) SELECT "django_content_type"."id", "django_content_type"."app_label", "django_content_type"."model" FROM "django_content_type" WHERE ("django_content_type"."app_label" = 'listings' AND "django_content_type"."model" IN ('apartmentimage', 'listingviewhistory', 'apartment', 'searchhistory', 'historicalapartment')); args=('listings', 'apartmentimage', 'listingviewhistory', 'apartment', 'searchhistory', 'historicalapartment'); alias=default
[2026-09-10 12:06:56,414] DEBUG django.db.backends (0.000) SELECT "auth_permission"."content_type_id" AS "content_type", "auth_permission"."codename" AS "codename" FROM "auth_permission" INNER JOIN "django_content_type" ON ("auth_permission"."content_type_id" = "django_content_type"."id") WHERE "auth_permission"."content_type_id" IN (9, 10, 11, 12, 15) ORDER BY "django_content_type"."app_label" ASC, "django_content_type"."model" ASC, 2 ASC; args=(9, 10, 11, 12, 15); alias=default
[2026-09-10 12:06:56,414] DEBUG django.db.backends (0.000) SELECT "django_content_type"."model" AS "model" FROM "django_content_type" WHERE "django_content_type"."app_label" = 'listings'; args=('listings',); alias=default
[2026-09-10 12:06:56,414] DEBUG django.db.backends (0.000) SELECT "django_content_type"."model" AS "model" FROM "django_content_type" WHERE "django_content_type"."app_label" = 'reservations'; args=('reservations',); alias=default
[2026-09-10 12:06:56,414] DEBUG django.db.backends (0.000) SELECT "django_content_type"."id", "django_content_type"."app_label", "django_content_type"."model" FROM "django_content_type" WHERE ("django_content_type"."app_label" = 'reservations' AND "django_content_type"."model" IN ('reservation')); args=('reservations', 'reservation'); alias=default
[2026-09-10 12:06:56,414] DEBUG django.db.backends (0.000) SELECT "auth_permission"."content_type_id" AS "content_type", "auth_permission"."codename" AS "codename" FROM "auth_permission" INNER JOIN "django_content_type" ON ("auth_permission"."content_type_id" = "django_content_type"."id") WHERE "auth_permission"."content_type_id" IN (13) ORDER BY "django_content_type"."app_label" ASC, "django_content_type"."model" ASC, 2 ASC; args=(13,); alias=default
[2026-09-10 12:06:56,414] DEBUG django.db.backends (0.000) SELECT "django_content_type"."model" AS "model" FROM "django_content_type" WHERE "django_content_type"."app_label" = 'reservations'; args=('reservations',); alias=default
[2026-09-10 12:06:56,429] DEBUG django.db.backends (0.016) SELECT "django_content_type"."model" AS "model" FROM "django_content_type" WHERE "django_content_type"."app_label" = 'reviews'; args=('reviews',); alias=default
[2026-09-10 12:06:56,429] DEBUG django.db.backends (0.000) SELECT "django_content_type"."id", "django_content_type"."app_label", "django_content_type"."model" FROM "django_content_type" WHERE ("django_content_type"."app_label" = 'reviews' AND "django_content_type"."model" IN ('review')); args=('reviews', 'review'); alias=default
[2026-09-10 12:06:56,429] DEBUG django.db.backends (0.000) SELECT "auth_permission"."content_type_id" AS "content_type", "auth_permission"."codename" AS "codename" FROM "auth_permission" INNER JOIN "django_content_type" ON ("auth_permission"."content_type_id" = "django_content_type"."id") WHERE "auth_permission"."content_type_id" IN (14) ORDER BY "django_content_type"."app_label" ASC, "django_content_type"."model" ASC, 2 ASC; args=(14,); alias=default
[2026-09-10 12:06:56,429] DEBUG django.db.backends (0.000) SELECT "django_content_type"."model" AS "model" FROM "django_content_type" WHERE "django_content_type"."app_label" = 'reviews'; args=('reviews',); alias=default
[2026-09-10 12:07:34,801] DEBUG django.db.backends (0.000) 
            SELECT name, type FROM sqlite_master
            WHERE type in ('table', 'view') AND NOT name='sqlite_sequence'
            ORDER BY name; args=None; alias=default
[2026-09-10 12:07:34,804] DEBUG django.db.backends (0.000) SELECT "django_migrations"."id", "django_migrations"."app", "django_migrations"."name", "django_migrations"."applied" FROM "django_migrations"; args=(); alias=default
[2026-09-10 12:08:02,895] DEBUG django.db.backends (0.000) SELECT COUNT(*) AS "__count" FROM "listings_apartment" WHERE "listings_apartment"."is_active" = 1; args=(True,); alias=default
[2026-09-10 12:08:02,898] DEBUG django.db.backends (0.000) SELECT "listings_apartment"."id", "listings_apartment"."created_at", "listings_apartment"."title", "listings_apartment"."description", "listings_apartment"."price_currency", "listings_apartment"."price", "listings_apartment"."address_city", "listings_apartment"."address_district", "listings_apartment"."rooms", "listings_apartment"."property_type", "listings_apartment"."is_active", "listings_apartment"."views_count", "listings_apartment"."average_rating", "listings_apartment"."user_id", "users"."password", "users"."last_login", "users"."is_superuser", "users"."username", "users"."is_staff", "users"."is_active", "users"."date_joined", "users"."id", "users"."email", "users"."first_name", "users"."last_name", "users"."phone_number", "users"."address", "users"."birthday", "users"."bio", "users"."gender" FROM "listings_apartment" INNER JOIN "users" ON ("listings_apartment"."user_id" = "users"."id") WHERE "listings_apartment"."is_active" = 1 ORDER BY "listings_apartment"."created_at" DESC LIMIT 3; args=(True,); alias=default
[2026-09-10 12:08:02,900] DEBUG django.db.backends (0.000) SELECT "listings_apartmentimage"."id", "listings_apartmentimage"."created_at", "listings_apartmentimage"."apartment_id", "listings_apartmentimage"."image", "listings_apartmentimage"."is_main" FROM "listings_apartmentimage" WHERE "listings_apartmentimage"."apartment_id" IN ('4fbc9c3d0bb7409b9e569a1305427ba8', '91606ed5a73842779beb277b88b7214a', '41ff82fbd8fd42e48c3331f85189c762') ORDER BY "listings_apartmentimage"."created_at" DESC; args=('4fbc9c3d0bb7409b9e569a1305427ba8', '91606ed5a73842779beb277b88b7214a', '41ff82fbd8fd42e48c3331f85189c762'); alias=default
[2026-09-10 12:18:23,374] DEBUG django.db.backends (0.000) 
            SELECT name, type FROM sqlite_master
            WHERE type in ('table', 'view') AND NOT name='sqlite_sequence'
            ORDER BY name; args=None; alias=default
[2026-09-10 12:18:23,374] DEBUG django.db.backends (0.000) SELECT "django_migrations"."id", "django_migrations"."app", "django_migrations"."name", "django_migrations"."applied" FROM "django_migrations"; args=(); alias=default
[2026-09-10 12:18:28,107] DEBUG django.db.backends (0.000) 
            SELECT name, type FROM sqlite_master
            WHERE type in ('table', 'view') AND NOT name='sqlite_sequence'
            ORDER BY name; args=None; alias=default
[2026-09-10 12:18:28,107] DEBUG django.db.backends (0.000) SELECT "django_migrations"."id", "django_migrations"."app", "django_migrations"."name", "django_migrations"."applied" FROM "django_migrations"; args=(); alias=default
[2026-09-10 12:22:07,699] DEBUG django.db.backends (0.000) 
            SELECT name, type FROM sqlite_master
            WHERE type in ('table', 'view') AND NOT name='sqlite_sequence'
            ORDER BY name; args=None; alias=default
[2026-09-10 12:22:07,699] DEBUG django.db.backends (0.000) SELECT "django_migrations"."id", "django_migrations"."app", "django_migrations"."name", "django_migrations"."applied" FROM "django_migrations"; args=(); alias=default
[2026-09-10 12:22:18,461] DEBUG django.db.backends (0.000) 
            SELECT name, type FROM sqlite_master
            WHERE type in ('table', 'view') AND NOT name='sqlite_sequence'
            ORDER BY name; args=None; alias=default
[2026-09-10 12:22:18,461] DEBUG django.db.backends (0.000) SELECT "django_migrations"."id", "django_migrations"."app", "django_migrations"."name", "django_migrations"."applied" FROM "django_migrations"; args=(); alias=default
[2026-09-10 12:22:22,561] DEBUG django.db.backends (0.000) 
            SELECT name, type FROM sqlite_master
            WHERE type in ('table', 'view') AND NOT name='sqlite_sequence'
            ORDER BY name; args=None; alias=default
[2026-09-10 12:22:22,561] DEBUG django.db.backends (0.000) SELECT "django_migrations"."id", "django_migrations"."app", "django_migrations"."name", "django_migrations"."applied" FROM "django_migrations"; args=(); alias=default
[2026-09-10 12:34:07,253] DEBUG django.db.backends (0.000) 
            SELECT name, type FROM sqlite_master
            WHERE type in ('table', 'view') AND NOT name='sqlite_sequence'
            ORDER BY name; args=None; alias=default
[2026-09-10 12:34:07,270] DEBUG django.db.backends (0.000) SELECT "django_migrations"."id", "django_migrations"."app", "django_migrations"."name", "django_migrations"."applied" FROM "django_migrations"; args=(); alias=default
[2026-09-10 12:34:33,835] DEBUG django.db.backends (0.000) 
            SELECT name, type FROM sqlite_master
            WHERE type in ('table', 'view') AND NOT name='sqlite_sequence'
            ORDER BY name; args=None; alias=default
[2026-09-10 12:34:33,835] DEBUG django.db.backends (0.000) SELECT "django_migrations"."id", "django_migrations"."app", "django_migrations"."name", "django_migrations"."applied" FROM "django_migrations"; args=(); alias=default
[2026-09-10 12:36:00,565] DEBUG django.db.backends (0.000) 
            SELECT name, type FROM sqlite_master
            WHERE type in ('table', 'view') AND NOT name='sqlite_sequence'
            ORDER BY name; args=None; alias=default
[2026-09-10 12:36:00,565] DEBUG django.db.backends (0.000) SELECT "django_migrations"."id", "django_migrations"."app", "django_migrations"."name", "django_migrations"."applied" FROM "django_migrations"; args=(); alias=default
[2026-09-10 12:39:15,353] DEBUG django.db.backends (0.000) 
            SELECT name, type FROM sqlite_master
            WHERE type in ('table', 'view') AND NOT name='sqlite_sequence'
            ORDER BY name; args=None; alias=default
[2026-09-10 12:39:15,353] DEBUG django.db.backends (0.000) SELECT "django_migrations"."id", "django_migrations"."app", "django_migrations"."name", "django_migrations"."applied" FROM "django_migrations"; args=(); alias=default
[2026-09-10 12:39:48,835] DEBUG django.db.backends (0.000) 
            SELECT name, type FROM sqlite_master
            WHERE type in ('table', 'view') AND NOT name='sqlite_sequence'
            ORDER BY name; args=None; alias=default
[2026-09-10 12:39:48,835] DEBUG django.db.backends (0.000) SELECT "django_migrations"."id", "django_migrations"."app", "django_migrations"."name", "django_migrations"."applied" FROM "django_migrations"; args=(); alias=default
[2026-09-10 12:40:57,613] DEBUG django.db.backends (0.000) 
            SELECT name, type FROM sqlite_master
            WHERE type in ('table', 'view') AND NOT name='sqlite_sequence'
            ORDER BY name; args=None; alias=default
[2026-09-10 12:40:57,630] DEBUG django.db.backends (0.000) SELECT "django_migrations"."id", "django_migrations"."app", "django_migrations"."name", "django_migrations"."applied" FROM "django_migrations"; args=(); alias=default
[2026-09-10 12:42:16,776] DEBUG django.db.backends (0.000) 
            SELECT name, type FROM sqlite_master
            WHERE type in ('table', 'view') AND NOT name='sqlite_sequence'
            ORDER BY name; args=None; alias=default
[2026-09-10 12:42:16,792] DEBUG django.db.backends (0.000) SELECT "django_migrations"."id", "django_migrations"."app", "django_migrations"."name", "django_migrations"."applied" FROM "django_migrations"; args=(); alias=default
[2026-09-10 12:45:32,923] DEBUG django.db.backends (0.000) 
            SELECT name, type FROM sqlite_master
            WHERE type in ('table', 'view') AND NOT name='sqlite_sequence'
            ORDER BY name; args=None; alias=default
[2026-09-10 12:45:32,923] DEBUG django.db.backends (0.000) SELECT "django_migrations"."id", "django_migrations"."app", "django_migrations"."name", "django_migrations"."applied" FROM "django_migrations"; args=(); alias=default
[2026-09-10 12:48:26,088] DEBUG django.db.backends (0.000) 
            SELECT name, type FROM sqlite_master
            WHERE type in ('table', 'view') AND NOT name='sqlite_sequence'
            ORDER BY name; args=None; alias=default
[2026-09-10 12:48:26,088] DEBUG django.db.backends (0.000) SELECT "django_migrations"."id", "django_migrations"."app", "django_migrations"."name", "django_migrations"."applied" FROM "django_migrations"; args=(); alias=default
[2026-09-10 12:48:43,234] DEBUG django.db.backends (0.000) 
            SELECT name, type FROM sqlite_master
            WHERE type in ('table', 'view') AND NOT name='sqlite_sequence'
            ORDER BY name; args=None; alias=default
[2026-09-10 12:48:43,234] DEBUG django.db.backends (0.000) SELECT "django_migrations"."id", "django_migrations"."app", "django_migrations"."name", "django_migrations"."applied" FROM "django_migrations"; args=(); alias=default
[2026-09-10 12:50:47,286] DEBUG django.db.backends (0.000) 
            SELECT name, type FROM sqlite_master
            WHERE type in ('table', 'view') AND NOT name='sqlite_sequence'
            ORDER BY name; args=None; alias=default
[2026-09-10 12:50:47,286] DEBUG django.db.backends (0.000) SELECT "django_migrations"."id", "django_migrations"."app", "django_migrations"."name", "django_migrations"."applied" FROM "django_migrations"; args=(); alias=default
[2026-09-10 12:50:53,522] DEBUG django.db.backends (0.000) 
            SELECT name, type FROM sqlite_master
            WHERE type in ('table', 'view') AND NOT name='sqlite_sequence'
            ORDER BY name; args=None; alias=default
[2026-09-10 12:50:53,522] DEBUG django.db.backends (0.000) SELECT "django_migrations"."id", "django_migrations"."app", "django_migrations"."name", "django_migrations"."applied" FROM "django_migrations"; args=(); alias=default
[2026-09-10 12:56:17,262] DEBUG django.db.backends (0.000) 
            SELECT name, type FROM sqlite_master
            WHERE type in ('table', 'view') AND NOT name='sqlite_sequence'
            ORDER BY name; args=None; alias=default
[2026-09-10 12:56:17,262] DEBUG django.db.backends (0.000) SELECT "django_migrations"."id", "django_migrations"."app", "django_migrations"."name", "django_migrations"."applied" FROM "django_migrations"; args=(); alias=default
[2026-09-10 13:00:47,485] DEBUG django.db.backends (0.000) 
            SELECT name, type FROM sqlite_master
            WHERE type in ('table', 'view') AND NOT name='sqlite_sequence'
            ORDER BY name; args=None; alias=default
[2026-09-10 13:00:47,485] DEBUG django.db.backends (0.000) SELECT "django_migrations"."id", "django_migrations"."app", "django_migrations"."name", "django_migrations"."applied" FROM "django_migrations"; args=(); alias=default
[2026-09-10 13:03:15,025] DEBUG django.db.backends (0.000) 
            SELECT name, type FROM sqlite_master
            WHERE type in ('table', 'view') AND NOT name='sqlite_sequence'
            ORDER BY name; args=None; alias=default
[2026-09-10 13:03:15,025] DEBUG django.db.backends (0.000) SELECT "django_migrations"."id", "django_migrations"."app", "django_migrations"."name", "django_migrations"."applied" FROM "django_migrations"; args=(); alias=default
[2026-09-10 13:14:18,302] DEBUG django.db.backends (0.000) 
            SELECT name, type FROM sqlite_master
            WHERE type in ('table', 'view') AND NOT name='sqlite_sequence'
            ORDER BY name; args=None; alias=default
[2026-09-10 13:14:18,302] DEBUG django.db.backends (0.000) SELECT "django_migrations"."id", "django_migrations"."app", "django_migrations"."name", "django_migrations"."applied" FROM "django_migrations"; args=(); alias=default
[2026-09-10 13:21:33,609] DEBUG django.db.backends (0.000) 
            SELECT name, type FROM sqlite_master
            WHERE type in ('table', 'view') AND NOT name='sqlite_sequence'
            ORDER BY name; args=None; alias=default
[2026-09-10 13:21:33,612] DEBUG django.db.backends (0.000) SELECT "django_migrations"."id", "django_migrations"."app", "django_migrations"."name", "django_migrations"."applied" FROM "django_migrations"; args=(); alias=default
[2026-09-10 13:22:13,545] DEBUG django.db.backends (0.000) 
            SELECT name, type FROM sqlite_master
            WHERE type in ('table', 'view') AND NOT name='sqlite_sequence'
            ORDER BY name; args=None; alias=default
[2026-09-10 13:22:13,545] DEBUG django.db.backends (0.000) SELECT "django_migrations"."id", "django_migrations"."app", "django_migrations"."name", "django_migrations"."applied" FROM "django_migrations"; args=(); alias=default
[2026-09-10 13:33:12,755] DEBUG django.db.backends (0.000) 
            SELECT name, type FROM sqlite_master
            WHERE type in ('table', 'view') AND NOT name='sqlite_sequence'
            ORDER BY name; args=None; alias=default
[2026-09-10 13:33:12,755] DEBUG django.db.backends (0.000) SELECT "django_migrations"."id", "django_migrations"."app", "django_migrations"."name", "django_migrations"."applied" FROM "django_migrations"; args=(); alias=default
[2026-09-10 13:47:49,950] DEBUG django.db.backends (0.000) 
            SELECT name, type FROM sqlite_master
            WHERE type in ('table', 'view') AND NOT name='sqlite_sequence'
            ORDER BY name; args=None; alias=default
[2026-09-10 13:47:49,950] DEBUG django.db.backends (0.000) SELECT "django_migrations"."id", "django_migrations"."app", "django_migrations"."name", "django_migrations"."applied" FROM "django_migrations"; args=(); alias=default
[2026-09-10 13:47:58,593] DEBUG django.db.backends (0.000) 
            SELECT name, type FROM sqlite_master
            WHERE type in ('table', 'view') AND NOT name='sqlite_sequence'
            ORDER BY name; args=None; alias=default
[2026-09-10 13:47:58,593] DEBUG django.db.backends (0.000) SELECT "django_migrations"."id", "django_migrations"."app", "django_migrations"."name", "django_migrations"."applied" FROM "django_migrations"; args=(); alias=default
